// Jest Snapshot v1, https://goo.gl/fbAQLP

exports[`<HomePage /> should render and match the snapshot 1`] = `
<h1>
  <span>
    This is the HomePage container!
  </span>
  <div>
    <p>
      You clicked 
      0
       times
    </p>
    <button
      type="button"
    >
      Click me
    </button>
  </div>
</h1>
`;
